[2026-08-09 20:11:33] Attention backend not specified. Use flashinfer backend by default.
[2026-08-09 20:11:42] Detected fp8 checkpoint.
[2026-08-09 20:11:42] Detected nvfp4 checkpoint. Please note that the format is experimental and subject to change.
[2026-08-09 20:11:42] Detected nvfp4 checkpoint. Please note that the format is experimental and subject to change.
[2026-08-09 20:11:58] Your GPU does not have native support for FP8 computation but FP8 quantization is being used. Weight-only FP8 compression will be used leveraging the Marlin kernel. This may degrade performance for compute-heavy workloads.
[2026-08-09 20:12:02] Load weight end. elapsed=19.81 s, type=Qwen3_5MoeForConditionalGeneration, quant=modelopt_mixed, quant_algo=MIXED_PRECISION, avail mem=55.02 GB, mem usage=22.29 GB.
[2026-08-09 20:12:03] KV Cache is allocated. dtype: torch.bfloat16, #tokens: 1198863, K size: 11.43 GB, V size: 11.43 GB
[2026-08-09 20:12:03] Linear attention kernel backend: decode=triton, prefill=triton, verify=triton
[2026-08-09 20:12:03] GDN kernel dispatcher: decode=TritonGDNKernel, extend=TritonGDNKernel, verify=TritonGDNKernel packed_decode=True
[2026-08-09 20:12:35] You are running Marlin kernel with bf16 on GPUs before SM90. You can consider change to fp16 to achieve better performance if possible.
[2026-08-09 20:12:44] Prefill batch, #new-seq: 1, #new-token: 6, #cached-token: 0, full token usage: 0.00, mamba usage: 0.01, #running-req: 0, #queue-req: 0, #pending-token: 0, waiting-image-req: 0, cuda graph: False, input throughput (token/s): 0.15
[2026-08-09 20:12:44] INFO:     127.0.0.1:51838 - "POST /generate HTTP/1.1" 200 OK
[2026-08-09 20:12:44] The server is fired up and ready to roll!
[2026-08-09 20:13:46] Prefill batch, #new-seq: 1, #new-token: 1, #cached-token: 0, full token usage: 0.00, mamba usage: 0.00, #running-req: 0, #queue-req: 0, #pending-token: 0, waiting-image-req: 0, cuda graph: False, input throughput (token/s): 0.02
[2026-08-09 20:14:40] INFO:     127.0.0.1:55024 - "POST /generate HTTP/1.1" 200 OK
[2026-08-09 20:14:43] Prefill batch, #new-seq: 1, #new-token: 8192, #cached-token: 0, full token usage: 0.01, mamba usage: 0.01, #running-req: 0, #queue-req: 0, #pending-token: 122880, waiting-image-req: 0, cuda graph: False, input throughput (token/s): 145.55
[2026-08-09 20:14:43] Prefill batch, #new-seq: 1, #new-token: 8192, #cached-token: 0, full token usage: 0.02, mamba usage: 0.01, #running-req: 0, #queue-req: 0, #pending-token: 114688, waiting-image-req: 0, cuda graph: False, input throughput (token/s): 16226.95
[2026-08-09 20:14:44] Prefill batch, #new-seq: 1, #new-token: 8192, #cached-token: 0, full token usage: 0.03, mamba usage: 0.01, #running-req: 0, #queue-req: 0, #pending-token: 106496, waiting-image-req: 0, cuda graph: False, input throughput (token/s): 14402.26
[2026-08-09 20:14:44] Prefill batch, #new-seq: 1, #new-token: 8192, #cached-token: 0, full token usage: 0.03, mamba usage: 0.01, #running-req: 0, #queue-req: 0, #pending-token: 98304, waiting-image-req: 0, cuda graph: False, input throughput (token/s): 12920.41
[2026-08-09 20:14:45] Prefill batch, #new-seq: 1, #new-token: 8192, #cached-token: 0, full token usage: 0.04, mamba usage: 0.01, #running-req: 0, #queue-req: 0, #pending-token: 90112, waiting-image-req: 0, cuda graph: False, input throughput (token/s): 11747.35
[2026-08-09 20:14:46] Prefill batch, #new-seq: 1, #new-token: 8192, #cached-token: 0, full token usage: 0.05, mamba usage: 0.01, #running-req: 0, #queue-req: 0, #pending-token: 81920, waiting-image-req: 0, cuda graph: False, input throughput (token/s): 10736.39
[2026-08-09 20:14:47] Prefill batch, #new-seq: 1, #new-token: 8192, #cached-token: 0, full token usage: 0.05, mamba usage: 0.01, #running-req: 0, #queue-req: 0, #pending-token: 73728, waiting-image-req: 0, cuda graph: False, input throughput (token/s): 9893.74
[2026-08-09 20:14:47] Prefill batch, #new-seq: 1, #new-token: 8192, #cached-token: 0, full token usage: 0.06, mamba usage: 0.01, #running-req: 0, #queue-req: 0, #pending-token: 65536, waiting-image-req: 0, cuda graph: False, input throughput (token/s): 9175.33
[2026-08-09 20:14:48] Prefill batch, #new-seq: 1, #new-token: 8192, #cached-token: 0, full token usage: 0.07, mamba usage: 0.01, #running-req: 0, #queue-req: 0, #pending-token: 57344, waiting-image-req: 0, cuda graph: False, input throughput (token/s): 8552.98
[2026-08-09 20:14:49] Prefill batch, #new-seq: 1, #new-token: 8192, #cached-token: 0, full token usage: 0.08, mamba usage: 0.01, #running-req: 0, #queue-req: 0, #pending-token: 49152, waiting-image-req: 0, cuda graph: False, input throughput (token/s): 8011.45
[2026-08-09 20:14:50] Prefill batch, #new-seq: 1, #new-token: 8192, #cached-token: 0, full token usage: 0.08, mamba usage: 0.01, #running-req: 0, #queue-req: 0, #pending-token: 40960, waiting-image-req: 0, cuda graph: False, input throughput (token/s): 7532.26
[2026-08-09 20:14:52] Prefill batch, #new-seq: 1, #new-token: 8192, #cached-token: 0, full token usage: 0.09, mamba usage: 0.01, #running-req: 0, #queue-req: 0, #pending-token: 32768, waiting-image-req: 0, cuda graph: False, input throughput (token/s): 7125.93
[2026-08-09 20:14:53] Prefill batch, #new-seq: 1, #new-token: 8192, #cached-token: 0, full token usage: 0.10, mamba usage: 0.01, #running-req: 0, #queue-req: 0, #pending-token: 24576, waiting-image-req: 0, cuda graph: False, input throughput (token/s): 6725.46
[2026-08-09 20:14:54] Prefill batch, #new-seq: 1, #new-token: 8192, #cached-token: 0, full token usage: 0.10, mamba usage: 0.01, #running-req: 0, #queue-req: 0, #pending-token: 16384, waiting-image-req: 0, cuda graph: False, input throughput (token/s): 6385.09
[2026-08-09 20:14:55] Prefill batch, #new-seq: 1, #new-token: 8192, #cached-token: 0, full token usage: 0.11, mamba usage: 0.01, #running-req: 0, #queue-req: 0, #pending-token: 8192, waiting-image-req: 0, cuda graph: False, input throughput (token/s): 6075.66
[2026-08-09 20:14:56] Prefill batch, #new-seq: 1, #new-token: 8192, #cached-token: 0, full token usage: 0.11, mamba usage: 0.01, #running-req: 0, #queue-req: 0, #pending-token: 0, waiting-image-req: 0, cuda graph: False, input throughput (token/s): 9254.04
